Ab Ek Important Habit

Jab bhi code me change karo:

git status

git add .

git commit -m "Added scheduler support"

git push



Microsoft Windows [Version 10.0.22621.4317]
(c) Microsoft Corporation. All rights reserved.

C:\Users\reena>git --version
git version 2.54.0.windows.1

C:\Users\reena>cd C:\Users\reena\Desktop\JAVA_26\FileProcessingUtility

C:\Users\reena\Desktop\JAVA_26\FileProcessingUtility>git init
Initialized empty Git repository in C:/Users/reena/Desktop/JAVA_26/FileProcessingUtility/.git/

C:\Users\reena\Desktop\JAVA_26\FileProcessingUtility>git status
On branch master

No commits yet

Untracked files:
  (use "git add <file>..." to include in what will be committed)
        .idea/
        Logs/
        file/
        pom.xml
        src/
        target/

nothing added to commit but untracked files present (use "git add" to track)

C:\Users\reena\Desktop\JAVA_26\FileProcessingUtility>git status
On branch master

No commits yet

Untracked files:
  (use "git add <file>..." to include in what will be committed)
        .gitignore
        .idea/
        Logs/
        file/
        pom.xml
        src/
        target/

nothing added to commit but untracked files present (use "git add" to track)

C:\Users\reena\Desktop\JAVA_26\FileProcessingUtility>type .gitignore

C:\Users\reena\Desktop\JAVA_26\FileProcessingUtility>git status
On branch master

No commits yet

Untracked files:
  (use "git add <file>..." to include in what will be committed)
        .gitignore
        pom.xml
        src/

nothing added to commit but untracked files present (use "git add" to track)

C:\Users\reena\Desktop\JAVA_26\FileProcessingUtility>git add .
warning: in the working copy of 'pom.xml', LF will be replaced by CRLF the next time Git touches it

C:\Users\reena\Desktop\JAVA_26\FileProcessingUtility>git status
On branch master

No commits yet

Changes to be committed:
  (use "git rm --cached <file>..." to unstage)
        new file:   .gitignore
        new file:   pom.xml
        new file:   src/main/java/org/example/ConfigReader.java
        new file:   src/main/java/org/example/FileProcessor.java
        new file:   src/main/java/org/example/Validator.java
        new file:   src/main/resources/application.properties
        new file:   src/main/resources/log4j2.xml


C:\Users\reena\Desktop\JAVA_26\FileProcessingUtility>git commit -m "Initial commit - Java File Processing Utility"
Author identity unknown

*** Please tell me who you are.

Run

  git config --global user.email "you@example.com"
  git config --global user.name "Your Name"

to set your account's default identity.
Omit --global to set the identity only in this repository.

fatal: unable to auto-detect email address (got 'reena@LAPTOP-9O1QSGCF.(none)')

C:\Users\reena\Desktop\JAVA_26\FileProcessingUtility>git config --global user.name "Sneha Yadav"

C:\Users\reena\Desktop\JAVA_26\FileProcessingUtility>git config --global user.email "snehasyadav191@gmail.com"

C:\Users\reena\Desktop\JAVA_26\FileProcessingUtility>git config --global user.name
Sneha Yadav

C:\Users\reena\Desktop\JAVA_26\FileProcessingUtility>git config --global user.email
snehasyadav191@gmail.com

C:\Users\reena\Desktop\JAVA_26\FileProcessingUtility>git commit -m "Initial commit - Java File Processing Utility"
[master (root-commit) 44ba483] Initial commit - Java File Processing Utility
 7 files changed, 314 insertions(+)
 create mode 100644 .gitignore
 create mode 100644 pom.xml
 create mode 100644 src/main/java/org/example/ConfigReader.java
 create mode 100644 src/main/java/org/example/FileProcessor.java
 create mode 100644 src/main/java/org/example/Validator.java
 create mode 100644 src/main/resources/application.properties
 create mode 100644 src/main/resources/log4j2.xml

C:\Users\reena\Desktop\JAVA_26\FileProcessingUtility>git branch -M main

C:\Users\reena\Desktop\JAVA_26\FileProcessingUtility>git remote add origin https://github.com/sneha4723-git/java-file-processing-utility.git

C:\Users\reena\Desktop\JAVA_26\FileProcessingUtility>git push -u origin main
info: please complete authentication in your browser...

C:\Users\reena\Desktop\JAVA_26\FileProcessingUtility>
C:\Users\reena\Desktop\JAVA_26\FileProcessingUtility>
C:\Users\reena\Desktop\JAVA_26\FileProcessingUtility>
C:\Users\reena\Desktop\JAVA_26\FileProcessingUtility>
C:\Users\reena\Desktop\JAVA_26\FileProcessingUtility>git credential-manager configure
Configuring component 'Git Credential Manager'...
Configuring component 'Azure Repos provider'...

C:\Users\reena\Desktop\JAVA_26\FileProcessingUtility>git push -u origin main
info: please complete authentication in your browser...

C:\Users\reena\Desktop\JAVA_26\FileProcessingUtility>git push -u origin main
info: please complete authentication in your browser...
Enumerating objects: 15, done.
Counting objects: 100% (15/15), done.
Delta compression using up to 4 threads
Compressing objects: 100% (12/12), done.
Writing objects: 100% (15/15), 3.13 KiB | 401.00 KiB/s, done.
Total 15 (delta 0), reused 0 (delta 0), pack-reused 0 (from 0)
To https://github.com/sneha4723-git/java-file-processing-utility.git
 * [new branch]      main -> main
branch 'main' set up to track 'origin/main'.

C:\Users\reena\Desktop\JAVA_26\FileProcessingUtility>